 Container coursework-redis-1 Running 
 Container coursework-minio-1 Running 
 Container coursework-postgres-1 Running 
 Container coursework-postgres-1 Waiting 
 Container coursework-minio-1 Waiting 
 Container coursework-redis-1 Waiting 
 Container coursework-redis-1 Healthy 
 Container coursework-postgres-1 Healthy 
 Container coursework-minio-1 Healthy 
 Container coursework-backend-run-e0a18328d12e Creating 
 Container coursework-backend-run-e0a18328d12e Created 
============================= test session starts ==============================
platform linux -- Python 3.12.13, pytest-9.0.3, pluggy-1.6.0 -- /usr/local/bin/python
cachedir: .pytest_cache
rootdir: /app
configfile: pyproject.toml
plugins: asyncio-1.4.0, anyio-4.13.0
asyncio: mode=Mode.AUTO, debug=False, asyncio_default_fixture_loop_scope=None, asyncio_default_test_loop_scope=function
collecting ... collected 49 items

tests/test_auth.py::test_register_returns_user_data PASSED               [  2%]
tests/test_auth.py::test_register_duplicate_username_rejected PASSED     [  4%]
tests/test_auth.py::test_register_duplicate_email_rejected PASSED        [  6%]
tests/test_auth.py::test_register_short_password_rejected PASSED         [  8%]
tests/test_auth.py::test_login_returns_bearer_token PASSED               [ 10%]
tests/test_auth.py::test_login_wrong_password_rejected PASSED            [ 12%]
tests/test_auth.py::test_login_nonexistent_user_rejected PASSED          [ 14%]
tests/test_auth.py::test_valid_token_grants_access PASSED                [ 16%]
tests/test_auth.py::test_missing_token_returns_401 PASSED                [ 18%]
tests/test_auth.py::test_invalid_token_returns_401 PASSED                [ 20%]
tests/test_auth.py::test_malformed_auth_header_returns_401 PASSED        [ 22%]
tests/test_experiments.py::test_create_experiment PASSED                 [ 24%]
tests/test_experiments.py::test_list_experiments_empty PASSED            [ 26%]
tests/test_experiments.py::test_list_experiments_returns_own_only PASSED [ 28%]
tests/test_experiments.py::test_get_experiment PASSED                    [ 30%]
tests/test_experiments.py::test_get_nonexistent_experiment_returns_404 PASSED [ 32%]
tests/test_experiments.py::test_get_other_users_experiment_returns_404 PASSED [ 34%]
tests/test_experiments.py::test_update_experiment PASSED                 [ 36%]
tests/test_experiments.py::test_update_experiment_triggers_updated_at PASSED [ 38%]
tests/test_experiments.py::test_update_other_users_experiment_returns_404 PASSED [ 40%]
tests/test_experiments.py::test_delete_experiment PASSED                 [ 42%]
tests/test_experiments.py::test_delete_experiment_cascades_to_runs_and_series PASSED [ 44%]
tests/test_files.py::test_upload_run_image_stores_in_s3 PASSED           [ 46%]
tests/test_files.py::test_list_run_images_returns_urls PASSED            [ 48%]
tests/test_files.py::test_upload_non_image_rejected PASSED               [ 51%]
tests/test_files.py::test_delete_nonexistent_image_returns_404 PASSED    [ 53%]
tests/test_files.py::test_delete_run_image_removes_files_record PASSED   [ 55%]
tests/test_files.py::test_delete_run_image_enqueues_storage_path PASSED  [ 57%]
tests/test_runs.py::test_create_run_assigns_run_number_1 PASSED          [ 59%]
tests/test_runs.py::test_sequential_run_numbers PASSED                   [ 61%]
tests/test_runs.py::test_run_numbers_are_independent_per_experiment PASSED [ 63%]
tests/test_runs.py::test_concurrent_run_numbers_are_unique_and_sequential PASSED [ 65%]
tests/test_runs.py::test_list_runs_ordered_by_run_number PASSED          [ 67%]
tests/test_runs.py::test_update_run PASSED                               [ 69%]
tests/test_runs.py::test_update_run_triggers_updated_at PASSED           [ 71%]
tests/test_runs.py::test_delete_run PASSED                               [ 73%]
tests/test_runs.py::test_access_other_users_run_returns_404 PASSED       [ 75%]
tests/test_series_points.py::test_create_series PASSED                   [ 77%]
tests/test_series_points.py::test_add_and_list_points PASSED             [ 79%]
tests/test_series_points.py::test_points_ordered_by_measurement_order PASSED [ 81%]
tests/test_series_points.py::test_replace_points_replaces_all PASSED     [ 83%]
tests/test_series_points.py::test_replace_points_duplicate_order_rejected PASSED [ 85%]
tests/test_series_points.py::test_update_series PASSED                   [ 87%]
tests/test_series_points.py::test_delete_series_cascades_to_points PASSED [ 89%]
tests/test_series_points.py::test_access_other_users_series_returns_404 PASSED [ 91%]
tests/test_worker.py::test_worker_deletes_s3_object_and_marks_processed PASSED [ 93%]
tests/test_worker.py::test_worker_does_not_reprocess_completed_entries PASSED [ 95%]
tests/test_worker.py::test_cascade_delete_experiment_triggers_full_cleanup_pipeline PASSED [ 97%]
tests/test_worker.py::test_worker_increments_retry_count_on_s3_error PASSED [100%]

=============================== warnings summary ===============================
tests/test_auth.py::test_register_returns_user_data
  /usr/local/lib/python3.12/site-packages/passlib/utils/__init__.py:854: DeprecationWarning: 'crypt' is deprecated and slated for removal in Python 3.13
    from crypt import crypt as _crypt

-- Docs: https://docs.pytest.org/en/stable/how-to/capture-warnings.html
======================== 49 passed, 1 warning in 25.08s ========================
